FILE NAME: 01-class.cl
class : CLASS
[@0,0:4='class',<3>,1:0]
A : TYPE_ID
[@1,6:6='A',<27>,1:6]
{ : BRACE_P_OPEN
[@2,8:8='{',<34>,1:8]
} : BRACE_P_CLOSED
[@3,9:9='}',<35>,1:9]
; : SEMICOLON
[@4,10:10=';',<47>,1:10]
class : CLASS
[@5,15:19='class',<3>,3:0]
B : TYPE_ID
[@6,21:21='B',<27>,3:6]
inherits : INHERITS
[@7,23:30='inherits',<8>,3:8]
A : TYPE_ID
[@8,32:32='A',<27>,3:17]
{ : BRACE_P_OPEN
[@9,34:34='{',<34>,3:19]
} : BRACE_P_CLOSED
[@10,35:35='}',<35>,3:20]
; : SEMICOLON
[@11,36:36=';',<47>,3:21]
<EOF> : EOF
[@12,37:36='<EOF>',<-1>,3:22]



