FILE NAME: 03-attribute-init.cl
class : CLASS
[@0,0:4='class',<3>,1:0]
A : TYPE_ID
[@1,6:6='A',<27>,1:6]
{ : BRACE_P_OPEN
[@2,8:8='{',<34>,1:8]
x : ID
[@3,15:15='x',<28>,2:4]
: : COLON
[@4,17:17=':',<46>,2:6]
SELF_TYPE : SELF_TYPE
[@5,19:27='SELF_TYPE',<26>,2:8]
; : SEMICOLON
[@6,28:28=';',<47>,2:17]
} : BRACE_P_CLOSED
[@7,31:31='}',<35>,3:0]
; : SEMICOLON
[@8,32:32=';',<47>,3:1]
class : CLASS
[@9,37:41='class',<3>,5:0]
B : TYPE_ID
[@10,43:43='B',<27>,5:6]
inherits : INHERITS
[@11,45:52='inherits',<8>,5:8]
A : TYPE_ID
[@12,54:54='A',<27>,5:17]
{ : BRACE_P_OPEN
[@13,56:56='{',<34>,5:19]
y : ID
[@14,63:63='y',<28>,6:4]
: : COLON
[@15,65:65=':',<46>,6:6]
Int : TYPE_ID
[@16,67:69='Int',<27>,6:8]
<- : ASSIGN
[@17,71:72='<-',<41>,6:12]
0 : INTEGER
[@18,74:74='0',<29>,6:15]
; : SEMICOLON
[@19,75:75=';',<47>,6:16]
} : BRACE_P_CLOSED
[@20,78:78='}',<35>,7:0]
; : SEMICOLON
[@21,79:79=';',<47>,7:1]
<EOF> : EOF
[@22,80:79='<EOF>',<-1>,7:2]



