FILE NAME: 04-method.cl
class : CLASS
[@0,0:4='class',<3>,1:0]
A : TYPE_ID
[@1,6:6='A',<27>,1:6]
{ : BRACE_P_OPEN
[@2,8:8='{',<34>,1:8]
x : ID
[@3,15:15='x',<28>,2:4]
: : COLON
[@4,17:17=':',<46>,2:6]
SELF_TYPE : SELF_TYPE
[@5,19:27='SELF_TYPE',<26>,2:8]
; : SEMICOLON
[@6,28:28=';',<47>,2:17]
f : ID
[@7,41:41='f',<28>,4:4]
( : ROUND_P_OPEN
[@8,42:42='(',<30>,4:5]
) : ROUND_P_COSED
[@9,43:43=')',<31>,4:6]
: : COLON
[@10,45:45=':',<46>,4:8]
Object : TYPE_ID
[@11,47:52='Object',<27>,4:10]
{ : BRACE_P_OPEN
[@12,54:54='{',<34>,4:17]
0 : INTEGER
[@13,56:56='0',<29>,4:19]
} : BRACE_P_CLOSED
[@14,58:58='}',<35>,4:21]
; : SEMICOLON
[@15,59:59=';',<47>,4:22]
} : BRACE_P_CLOSED
[@16,62:62='}',<35>,5:0]
; : SEMICOLON
[@17,63:63=';',<47>,5:1]
class : CLASS
[@18,68:72='class',<3>,7:0]
B : TYPE_ID
[@19,74:74='B',<27>,7:6]
inherits : INHERITS
[@20,76:83='inherits',<8>,7:8]
A : TYPE_ID
[@21,85:85='A',<27>,7:17]
{ : BRACE_P_OPEN
[@22,87:87='{',<34>,7:19]
y : ID
[@23,94:94='y',<28>,8:4]
: : COLON
[@24,96:96=':',<46>,8:6]
Int : TYPE_ID
[@25,98:100='Int',<27>,8:8]
<- : ASSIGN
[@26,102:103='<-',<41>,8:12]
0 : INTEGER
[@27,105:105='0',<29>,8:15]
; : SEMICOLON
[@28,106:106=';',<47>,8:16]
g : ID
[@29,119:119='g',<28>,10:4]
( : ROUND_P_OPEN
[@30,120:120='(',<30>,10:5]
x : ID
[@31,121:121='x',<28>,10:6]
: : COLON
[@32,123:123=':',<46>,10:8]
Int : TYPE_ID
[@33,125:127='Int',<27>,10:10]
, : COMMA
[@34,128:128=',',<48>,10:13]
y : ID
[@35,130:130='y',<28>,10:15]
: : COLON
[@36,132:132=':',<46>,10:17]
Bool : TYPE_ID
[@37,134:137='Bool',<27>,10:19]
) : ROUND_P_COSED
[@38,138:138=')',<31>,10:23]
: : COLON
[@39,140:140=':',<46>,10:25]
Int : TYPE_ID
[@40,142:144='Int',<27>,10:27]
{ : BRACE_P_OPEN
[@41,146:146='{',<34>,10:31]
0 : INTEGER
[@42,148:148='0',<29>,10:33]
} : BRACE_P_CLOSED
[@43,150:150='}',<35>,10:35]
; : SEMICOLON
[@44,151:151=';',<47>,10:36]
} : BRACE_P_CLOSED
[@45,154:154='}',<35>,11:0]
; : SEMICOLON
[@46,155:155=';',<47>,11:1]
<EOF> : EOF
[@47,156:155='<EOF>',<-1>,11:2]



