FILE NAME: 05-literal-id.cl
class : CLASS
[@0,0:4='class',<3>,1:0]
A : TYPE_ID
[@1,6:6='A',<27>,1:6]
{ : BRACE_P_OPEN
[@2,8:8='{',<34>,1:8]
n : ID
[@3,15:15='n',<28>,2:4]
: : COLON
[@4,17:17=':',<46>,2:6]
Int : TYPE_ID
[@5,19:21='Int',<27>,2:8]
<- : ASSIGN
[@6,23:24='<-',<41>,2:12]
0 : INTEGER
[@7,26:26='0',<29>,2:15]
; : SEMICOLON
[@8,27:27=';',<47>,2:16]
s : ID
[@9,34:34='s',<28>,3:4]
: : COLON
[@10,36:36=':',<46>,3:6]
String : TYPE_ID
[@11,38:43='String',<27>,3:8]
<- : ASSIGN
[@12,45:46='<-',<41>,3:15]
abc : STRING
[@13,48:52='abc',<22>,3:18]
; : SEMICOLON
[@14,53:53=';',<47>,3:23]
b : ID
[@15,60:60='b',<28>,4:4]
: : COLON
[@16,62:62=':',<46>,4:6]
Bool : TYPE_ID
[@17,64:67='Bool',<27>,4:8]
<- : ASSIGN
[@18,69:70='<-',<41>,4:13]
false : FALSE
[@19,72:76='false',<20>,4:16]
; : SEMICOLON
[@20,77:77=';',<47>,4:21]
c : ID
[@21,84:84='c',<28>,5:4]
: : COLON
[@22,86:86=':',<46>,5:6]
Bool : TYPE_ID
[@23,88:91='Bool',<27>,5:8]
<- : ASSIGN
[@24,93:94='<-',<41>,5:13]
b : ID
[@25,96:96='b',<28>,5:16]
; : SEMICOLON
[@26,97:97=';',<47>,5:17]
} : BRACE_P_CLOSED
[@27,100:100='}',<35>,6:0]
; : SEMICOLON
[@28,101:101=';',<47>,6:1]
<EOF> : EOF
[@29,102:101='<EOF>',<-1>,6:2]



