FILE NAME: 06-arithmetic.cl
class : CLASS
[@0,0:4='class',<3>,1:0]
A : TYPE_ID
[@1,6:6='A',<27>,1:6]
{ : BRACE_P_OPEN
[@2,8:8='{',<34>,1:8]
n : ID
[@3,15:15='n',<28>,2:4]
: : COLON
[@4,17:17=':',<46>,2:6]
Int : TYPE_ID
[@5,19:21='Int',<27>,2:8]
<- : ASSIGN
[@6,23:24='<-',<41>,2:12]
1 : INTEGER
[@7,26:26='1',<29>,2:15]
+ : PLUS
[@8,28:28='+',<37>,2:17]
2 : INTEGER
[@9,30:30='2',<29>,2:19]
* : MULTIPLY
[@10,32:32='*',<39>,2:21]
( : ROUND_P_OPEN
[@11,34:34='(',<30>,2:23]
3 : INTEGER
[@12,35:35='3',<29>,2:24]
+ : PLUS
[@13,37:37='+',<37>,2:26]
4 : INTEGER
[@14,39:39='4',<29>,2:28]
) : ROUND_P_COSED
[@15,40:40=')',<31>,2:29]
/ : DIVISION
[@16,42:42='/',<40>,2:31]
( : ROUND_P_OPEN
[@17,44:44='(',<30>,2:33]
5 : INTEGER
[@18,45:45='5',<29>,2:34]
- : MINUS
[@19,47:47='-',<38>,2:36]
~ : INTEGER_COMPLEMENT
[@20,49:49='~',<36>,2:38]
6 : INTEGER
[@21,50:50='6',<29>,2:39]
) : ROUND_P_COSED
[@22,51:51=')',<31>,2:40]
; : SEMICOLON
[@23,52:52=';',<47>,2:41]
} : BRACE_P_CLOSED
[@24,55:55='}',<35>,3:0]
; : SEMICOLON
[@25,56:56=';',<47>,3:1]
<EOF> : EOF
[@26,57:56='<EOF>',<-1>,3:2]



