FILE NAME: 07-relational.cl
class : CLASS
[@0,0:4='class',<3>,1:0]
A : TYPE_ID
[@1,6:6='A',<27>,1:6]
{ : BRACE_P_OPEN
[@2,8:8='{',<34>,1:8]
n : ID
[@3,15:15='n',<28>,2:4]
: : COLON
[@4,17:17=':',<46>,2:6]
Int : TYPE_ID
[@5,19:21='Int',<27>,2:8]
; : SEMICOLON
[@6,22:22=';',<47>,2:11]
b : ID
[@7,29:29='b',<28>,3:4]
: : COLON
[@8,31:31=':',<46>,3:6]
Bool : TYPE_ID
[@9,33:36='Bool',<27>,3:8]
<- : ASSIGN
[@10,38:39='<-',<41>,3:13]
not : NOT
[@11,41:43='not',<18>,3:16]
2 : INTEGER
[@12,45:45='2',<29>,3:20]
<= : LESS_EQUAL
[@13,47:48='<=',<43>,3:22]
n : ID
[@14,50:50='n',<28>,3:25]
; : SEMICOLON
[@15,51:51=';',<47>,3:26]
c : ID
[@16,58:58='c',<28>,4:4]
: : COLON
[@17,60:60=':',<46>,4:6]
Bool : TYPE_ID
[@18,62:65='Bool',<27>,4:8]
<- : ASSIGN
[@19,67:68='<-',<41>,4:13]
2 : INTEGER
[@20,70:70='2',<29>,4:16]
< : LESS
[@21,72:72='<',<44>,4:18]
n : ID
[@22,74:74='n',<28>,4:20]
+ : PLUS
[@23,76:76='+',<37>,4:22]
1 : INTEGER
[@24,78:78='1',<29>,4:24]
= : EQUAL
[@25,80:80='=',<45>,4:26]
false : FALSE
[@26,82:86='false',<20>,4:28]
; : SEMICOLON
[@27,87:87=';',<47>,4:33]
} : BRACE_P_CLOSED
[@28,90:90='}',<35>,5:0]
; : SEMICOLON
[@29,91:91=';',<47>,5:1]
<EOF> : EOF
[@30,92:91='<EOF>',<-1>,5:2]



