FILE NAME: 08-assignment.cl
class : CLASS
[@0,0:4='class',<3>,1:0]
A : TYPE_ID
[@1,6:6='A',<27>,1:6]
{ : BRACE_P_OPEN
[@2,8:8='{',<34>,1:8]
x : ID
[@3,15:15='x',<28>,2:4]
: : COLON
[@4,17:17=':',<46>,2:6]
Int : TYPE_ID
[@5,19:21='Int',<27>,2:8]
; : SEMICOLON
[@6,22:22=';',<47>,2:11]
f : ID
[@7,35:35='f',<28>,4:4]
( : ROUND_P_OPEN
[@8,36:36='(',<30>,4:5]
y : ID
[@9,37:37='y',<28>,4:6]
: : COLON
[@10,39:39=':',<46>,4:8]
Int : TYPE_ID
[@11,41:43='Int',<27>,4:10]
) : ROUND_P_COSED
[@12,44:44=')',<31>,4:13]
: : COLON
[@13,46:46=':',<46>,4:15]
Int : TYPE_ID
[@14,48:50='Int',<27>,4:17]
{ : BRACE_P_OPEN
[@15,52:52='{',<34>,4:21]
x : ID
[@16,63:63='x',<28>,5:8]
<- : ASSIGN
[@17,65:66='<-',<41>,5:10]
y : ID
[@18,68:68='y',<28>,5:13]
} : BRACE_P_CLOSED
[@19,75:75='}',<35>,6:4]
; : SEMICOLON
[@20,76:76=';',<47>,6:5]
f : ID
[@21,89:89='f',<28>,8:4]
( : ROUND_P_OPEN
[@22,90:90='(',<30>,8:5]
y : ID
[@23,91:91='y',<28>,8:6]
: : COLON
[@24,93:93=':',<46>,8:8]
Int : TYPE_ID
[@25,95:97='Int',<27>,8:10]
, : COMMA
[@26,98:98=',',<48>,8:13]
z : ID
[@27,100:100='z',<28>,8:15]
: : COLON
[@28,102:102=':',<46>,8:17]
Int : TYPE_ID
[@29,104:106='Int',<27>,8:19]
) : ROUND_P_COSED
[@30,107:107=')',<31>,8:22]
: : COLON
[@31,109:109=':',<46>,8:24]
Int : TYPE_ID
[@32,111:113='Int',<27>,8:26]
{ : BRACE_P_OPEN
[@33,115:115='{',<34>,8:30]
x : ID
[@34,126:126='x',<28>,9:8]
<- : ASSIGN
[@35,128:129='<-',<41>,9:10]
y : ID
[@36,131:131='y',<28>,9:13]
<- : ASSIGN
[@37,133:134='<-',<41>,9:15]
z : ID
[@38,136:136='z',<28>,9:18]
} : BRACE_P_CLOSED
[@39,143:143='}',<35>,10:4]
; : SEMICOLON
[@40,144:144=';',<47>,10:5]
} : BRACE_P_CLOSED
[@41,147:147='}',<35>,11:0]
; : SEMICOLON
[@42,148:148=';',<47>,11:1]
<EOF> : EOF
[@43,149:148='<EOF>',<-1>,11:2]



