FILE NAME: 09-new-isvoid.cl
class : CLASS
[@0,0:4='class',<3>,1:0]
A : TYPE_ID
[@1,6:6='A',<27>,1:6]
{ : BRACE_P_OPEN
[@2,8:8='{',<34>,1:8]
f : ID
[@3,15:15='f',<28>,2:4]
( : ROUND_P_OPEN
[@4,16:16='(',<30>,2:5]
) : ROUND_P_COSED
[@5,17:17=')',<31>,2:6]
: : COLON
[@6,19:19=':',<46>,2:8]
Bool : TYPE_ID
[@7,21:24='Bool',<27>,2:10]
{ : BRACE_P_OPEN
[@8,26:26='{',<34>,2:15]
not : NOT
[@9,37:39='not',<18>,3:8]
isvoid : ISVOID
[@10,41:46='isvoid',<9>,3:12]
new : NEW
[@11,48:50='new',<17>,3:19]
A : TYPE_ID
[@12,52:52='A',<27>,3:23]
} : BRACE_P_CLOSED
[@13,59:59='}',<35>,4:4]
; : SEMICOLON
[@14,60:60=';',<47>,4:5]
} : BRACE_P_CLOSED
[@15,63:63='}',<35>,5:0]
; : SEMICOLON
[@16,64:64=';',<47>,5:1]
<EOF> : EOF
[@17,65:64='<EOF>',<-1>,5:2]



