FILE NAME: 10-dispatch.cl
class : CLASS
[@0,0:4='class',<3>,1:0]
A : TYPE_ID
[@1,6:6='A',<27>,1:6]
{ : BRACE_P_OPEN
[@2,8:8='{',<34>,1:8]
f : ID
[@3,15:15='f',<28>,2:4]
( : ROUND_P_OPEN
[@4,16:16='(',<30>,2:5]
x : ID
[@5,17:17='x',<28>,2:6]
: : COLON
[@6,19:19=':',<46>,2:8]
Int : TYPE_ID
[@7,21:23='Int',<27>,2:10]
) : ROUND_P_COSED
[@8,24:24=')',<31>,2:13]
: : COLON
[@9,26:26=':',<46>,2:15]
Bool : TYPE_ID
[@10,28:31='Bool',<27>,2:17]
{ : BRACE_P_OPEN
[@11,33:33='{',<34>,2:22]
f : ID
[@12,44:44='f',<28>,3:8]
( : ROUND_P_OPEN
[@13,45:45='(',<30>,3:9]
x : ID
[@14,46:46='x',<28>,3:10]
+ : PLUS
[@15,48:48='+',<37>,3:12]
1 : INTEGER
[@16,50:50='1',<29>,3:14]
) : ROUND_P_COSED
[@17,51:51=')',<31>,3:15]
} : BRACE_P_CLOSED
[@18,58:58='}',<35>,4:4]
; : SEMICOLON
[@19,59:59=';',<47>,4:5]
g : ID
[@20,72:72='g',<28>,6:4]
( : ROUND_P_OPEN
[@21,73:73='(',<30>,6:5]
x : ID
[@22,74:74='x',<28>,6:6]
: : COLON
[@23,76:76=':',<46>,6:8]
Int : TYPE_ID
[@24,78:80='Int',<27>,6:10]
, : COMMA
[@25,81:81=',',<48>,6:13]
y : ID
[@26,83:83='y',<28>,6:15]
: : COLON
[@27,85:85=':',<46>,6:17]
Int : TYPE_ID
[@28,87:89='Int',<27>,6:19]
) : ROUND_P_COSED
[@29,90:90=')',<31>,6:22]
: : COLON
[@30,92:92=':',<46>,6:24]
Bool : TYPE_ID
[@31,94:97='Bool',<27>,6:26]
{ : BRACE_P_OPEN
[@32,99:99='{',<34>,6:31]
self : SELF
[@33,110:113='self',<25>,7:8]
. : POINT
[@34,114:114='.',<50>,7:12]
g : ID
[@35,115:115='g',<28>,7:13]
( : ROUND_P_OPEN
[@36,116:116='(',<30>,7:14]
x : ID
[@37,117:117='x',<28>,7:15]
+ : PLUS
[@38,119:119='+',<37>,7:17]
1 : INTEGER
[@39,121:121='1',<29>,7:19]
, : COMMA
[@40,122:122=',',<48>,7:20]
y : ID
[@41,124:124='y',<28>,7:22]
+ : PLUS
[@42,126:126='+',<37>,7:24]
1 : INTEGER
[@43,128:128='1',<29>,7:26]
) : ROUND_P_COSED
[@44,129:129=')',<31>,7:27]
} : BRACE_P_CLOSED
[@45,136:136='}',<35>,8:4]
; : SEMICOLON
[@46,137:137=';',<47>,8:5]
h : ID
[@47,150:150='h',<28>,10:4]
( : ROUND_P_OPEN
[@48,151:151='(',<30>,10:5]
x : ID
[@49,152:152='x',<28>,10:6]
: : COLON
[@50,154:154=':',<46>,10:8]
Int : TYPE_ID
[@51,156:158='Int',<27>,10:10]
) : ROUND_P_COSED
[@52,159:159=')',<31>,10:13]
: : COLON
[@53,161:161=':',<46>,10:15]
A : TYPE_ID
[@54,163:163='A',<27>,10:17]
{ : BRACE_P_OPEN
[@55,165:165='{',<34>,10:19]
new : NEW
[@56,176:178='new',<17>,11:8]
A : TYPE_ID
[@57,180:180='A',<27>,11:12]
@ : AT
[@58,181:181='@',<49>,11:13]
A : TYPE_ID
[@59,182:182='A',<27>,11:14]
. : POINT
[@60,183:183='.',<50>,11:15]
h : ID
[@61,184:184='h',<28>,11:16]
( : ROUND_P_OPEN
[@62,185:185='(',<30>,11:17]
x : ID
[@63,186:186='x',<28>,11:18]
+ : PLUS
[@64,188:188='+',<37>,11:20]
1 : INTEGER
[@65,190:190='1',<29>,11:22]
) : ROUND_P_COSED
[@66,191:191=')',<31>,11:23]
. : POINT
[@67,192:192='.',<50>,11:24]
h : ID
[@68,193:193='h',<28>,11:25]
( : ROUND_P_OPEN
[@69,194:194='(',<30>,11:26]
x : ID
[@70,195:195='x',<28>,11:27]
+ : PLUS
[@71,197:197='+',<37>,11:29]
2 : INTEGER
[@72,199:199='2',<29>,11:31]
) : ROUND_P_COSED
[@73,200:200=')',<31>,11:32]
} : BRACE_P_CLOSED
[@74,207:207='}',<35>,12:4]
; : SEMICOLON
[@75,208:208=';',<47>,12:5]
} : BRACE_P_CLOSED
[@76,211:211='}',<35>,13:0]
; : SEMICOLON
[@77,212:212=';',<47>,13:1]
<EOF> : EOF
[@78,213:212='<EOF>',<-1>,13:2]



