FILE NAME: 11-if.cl
class : CLASS
[@0,0:4='class',<3>,1:0]
A : TYPE_ID
[@1,6:6='A',<27>,1:6]
{ : BRACE_P_OPEN
[@2,8:8='{',<34>,1:8]
f : ID
[@3,15:15='f',<28>,2:4]
( : ROUND_P_OPEN
[@4,16:16='(',<30>,2:5]
x : ID
[@5,17:17='x',<28>,2:6]
: : COLON
[@6,19:19=':',<46>,2:8]
Int : TYPE_ID
[@7,21:23='Int',<27>,2:10]
) : ROUND_P_COSED
[@8,24:24=')',<31>,2:13]
: : COLON
[@9,26:26=':',<46>,2:15]
Int : TYPE_ID
[@10,28:30='Int',<27>,2:17]
{ : BRACE_P_OPEN
[@11,32:32='{',<34>,2:21]
if : IF
[@12,43:44='if',<5>,3:8]
x : ID
[@13,46:46='x',<28>,3:11]
<= : LESS_EQUAL
[@14,48:49='<=',<43>,3:13]
5 : INTEGER
[@15,51:51='5',<29>,3:16]
then : THEN
[@16,53:56='then',<13>,3:18]
x : ID
[@17,58:58='x',<28>,3:23]
else : ELSE
[@18,60:63='else',<4>,3:25]
x : ID
[@19,65:65='x',<28>,3:30]
+ : PLUS
[@20,67:67='+',<37>,3:32]
1 : INTEGER
[@21,69:69='1',<29>,3:34]
fi : FI
[@22,71:72='fi',<6>,3:36]
} : BRACE_P_CLOSED
[@23,79:79='}',<35>,4:4]
; : SEMICOLON
[@24,80:80=';',<47>,4:5]
} : BRACE_P_CLOSED
[@25,83:83='}',<35>,5:0]
; : SEMICOLON
[@26,84:84=';',<47>,5:1]
<EOF> : EOF
[@27,85:84='<EOF>',<-1>,5:2]



