FILE NAME: 12-while.cl
class : CLASS
[@0,0:4='class',<3>,1:0]
A : TYPE_ID
[@1,6:6='A',<27>,1:6]
{ : BRACE_P_OPEN
[@2,8:8='{',<34>,1:8]
f : ID
[@3,15:15='f',<28>,2:4]
( : ROUND_P_OPEN
[@4,16:16='(',<30>,2:5]
x : ID
[@5,17:17='x',<28>,2:6]
: : COLON
[@6,19:19=':',<46>,2:8]
Int : TYPE_ID
[@7,21:23='Int',<27>,2:10]
) : ROUND_P_COSED
[@8,24:24=')',<31>,2:13]
: : COLON
[@9,26:26=':',<46>,2:15]
Object : TYPE_ID
[@10,28:33='Object',<27>,2:17]
{ : BRACE_P_OPEN
[@11,35:35='{',<34>,2:24]
while : WHILE
[@12,46:50='while',<14>,3:8]
0 : INTEGER
[@13,52:52='0',<29>,3:14]
< : LESS
[@14,54:54='<',<44>,3:16]
x : ID
[@15,56:56='x',<28>,3:18]
loop : LOOP
[@16,58:61='loop',<11>,3:20]
x : ID
[@17,76:76='x',<28>,4:12]
<- : ASSIGN
[@18,78:79='<-',<41>,4:14]
x : ID
[@19,81:81='x',<28>,4:17]
- : MINUS
[@20,83:83='-',<38>,4:19]
1 : INTEGER
[@21,85:85='1',<29>,4:21]
pool : POOL
[@22,96:99='pool',<12>,5:8]
} : BRACE_P_CLOSED
[@23,106:106='}',<35>,6:4]
; : SEMICOLON
[@24,107:107=';',<47>,6:5]
} : BRACE_P_CLOSED
[@25,110:110='}',<35>,7:0]
; : SEMICOLON
[@26,111:111=';',<47>,7:1]
<EOF> : EOF
[@27,112:111='<EOF>',<-1>,7:2]



