FILE NAME: 13-let.cl
class : CLASS
[@0,0:4='class',<3>,1:0]
A : TYPE_ID
[@1,6:6='A',<27>,1:6]
{ : BRACE_P_OPEN
[@2,8:8='{',<34>,1:8]
f : ID
[@3,15:15='f',<28>,2:4]
( : ROUND_P_OPEN
[@4,16:16='(',<30>,2:5]
x : ID
[@5,17:17='x',<28>,2:6]
: : COLON
[@6,19:19=':',<46>,2:8]
Int : TYPE_ID
[@7,21:23='Int',<27>,2:10]
) : ROUND_P_COSED
[@8,24:24=')',<31>,2:13]
: : COLON
[@9,26:26=':',<46>,2:15]
Int : TYPE_ID
[@10,28:30='Int',<27>,2:17]
{ : BRACE_P_OPEN
[@11,32:32='{',<34>,2:21]
let : LET
[@12,43:45='let',<10>,3:8]
x : ID
[@13,47:47='x',<28>,3:12]
: : COLON
[@14,49:49=':',<46>,3:14]
Int : TYPE_ID
[@15,51:53='Int',<27>,3:16]
<- : ASSIGN
[@16,55:56='<-',<41>,3:20]
x : ID
[@17,58:58='x',<28>,3:23]
+ : PLUS
[@18,60:60='+',<37>,3:25]
1 : INTEGER
[@19,62:62='1',<29>,3:27]
, : COMMA
[@20,63:63=',',<48>,3:28]
y : ID
[@21,78:78='y',<28>,4:12]
: : COLON
[@22,80:80=':',<46>,4:14]
Int : TYPE_ID
[@23,82:84='Int',<27>,4:16]
<- : ASSIGN
[@24,86:87='<-',<41>,4:20]
x : ID
[@25,89:89='x',<28>,4:23]
+ : PLUS
[@26,91:91='+',<37>,4:25]
1 : INTEGER
[@27,93:93='1',<29>,4:27]
in : IN
[@28,104:105='in',<7>,5:8]
x : ID
[@29,120:120='x',<28>,6:12]
} : BRACE_P_CLOSED
[@30,127:127='}',<35>,7:4]
; : SEMICOLON
[@31,128:128=';',<47>,7:5]
} : BRACE_P_CLOSED
[@32,131:131='}',<35>,8:0]
; : SEMICOLON
[@33,132:132=';',<47>,8:1]
<EOF> : EOF
[@34,133:132='<EOF>',<-1>,8:2]



