FILE NAME: 14-case.cl
class : CLASS
[@0,0:4='class',<3>,1:0]
A : TYPE_ID
[@1,6:6='A',<27>,1:6]
{ : BRACE_P_OPEN
[@2,8:8='{',<34>,1:8]
f : ID
[@3,15:15='f',<28>,2:4]
( : ROUND_P_OPEN
[@4,16:16='(',<30>,2:5]
x : ID
[@5,17:17='x',<28>,2:6]
: : COLON
[@6,19:19=':',<46>,2:8]
Object : TYPE_ID
[@7,21:26='Object',<27>,2:10]
) : ROUND_P_COSED
[@8,27:27=')',<31>,2:16]
: : COLON
[@9,29:29=':',<46>,2:18]
String : TYPE_ID
[@10,31:36='String',<27>,2:20]
{ : BRACE_P_OPEN
[@11,38:38='{',<34>,2:27]
case : CASE
[@12,49:52='case',<15>,3:8]
x : ID
[@13,54:54='x',<28>,3:13]
of : OF
[@14,56:57='of',<19>,3:15]
s : ID
[@15,72:72='s',<28>,4:12]
: : COLON
[@16,74:74=':',<46>,4:14]
String : TYPE_ID
[@17,76:81='String',<27>,4:16]
=> : SET
[@18,83:84='=>',<42>,4:23]
String : STRING
[@19,86:93='String',<22>,4:26]
; : SEMICOLON
[@20,94:94=';',<47>,4:34]
i : ID
[@21,109:109='i',<28>,5:12]
: : COLON
[@22,111:111=':',<46>,5:14]
Int : TYPE_ID
[@23,113:115='Int',<27>,5:16]
=> : SET
[@24,120:121='=>',<42>,5:23]
Int : STRING
[@25,123:127='Int',<22>,5:26]
; : SEMICOLON
[@26,128:128=';',<47>,5:31]
o : ID
[@27,143:143='o',<28>,6:12]
: : COLON
[@28,145:145=':',<46>,6:14]
Object : TYPE_ID
[@29,147:152='Object',<27>,6:16]
=> : SET
[@30,154:155='=>',<42>,6:23]
Oops : STRING
[@31,157:162='Oops',<22>,6:26]
; : SEMICOLON
[@32,163:163=';',<47>,6:32]
esac : ESAC
[@33,174:177='esac',<16>,7:8]
} : BRACE_P_CLOSED
[@34,184:184='}',<35>,8:4]
; : SEMICOLON
[@35,185:185=';',<47>,8:5]
} : BRACE_P_CLOSED
[@36,188:188='}',<35>,9:0]
; : SEMICOLON
[@37,189:189=';',<47>,9:1]
<EOF> : EOF
[@38,190:189='<EOF>',<-1>,9:2]



