FILE NAME: 15-block.cl
class : CLASS
[@0,0:4='class',<3>,1:0]
A : TYPE_ID
[@1,6:6='A',<27>,1:6]
{ : BRACE_P_OPEN
[@2,8:8='{',<34>,1:8]
f : ID
[@3,15:15='f',<28>,2:4]
( : ROUND_P_OPEN
[@4,16:16='(',<30>,2:5]
x : ID
[@5,17:17='x',<28>,2:6]
: : COLON
[@6,19:19=':',<46>,2:8]
Int : TYPE_ID
[@7,21:23='Int',<27>,2:10]
) : ROUND_P_COSED
[@8,24:24=')',<31>,2:13]
: : COLON
[@9,26:26=':',<46>,2:15]
String : TYPE_ID
[@10,28:33='String',<27>,2:17]
{ : BRACE_P_OPEN
[@11,35:35='{',<34>,2:24]
{ : BRACE_P_OPEN
[@12,46:46='{',<34>,3:8]
x : ID
[@13,61:61='x',<28>,4:12]
<- : ASSIGN
[@14,63:64='<-',<41>,4:14]
x : ID
[@15,66:66='x',<28>,4:17]
+ : PLUS
[@16,68:68='+',<37>,4:19]
1 : INTEGER
[@17,70:70='1',<29>,4:21]
; : SEMICOLON
[@18,71:71=';',<47>,4:22]
Done! : STRING
[@19,86:92='Done!',<22>,5:12]
; : SEMICOLON
[@20,93:93=';',<47>,5:19]
} : BRACE_P_CLOSED
[@21,104:104='}',<35>,6:8]
} : BRACE_P_CLOSED
[@22,111:111='}',<35>,7:4]
; : SEMICOLON
[@23,112:112=';',<47>,7:5]
} : BRACE_P_CLOSED
[@24,115:115='}',<35>,8:0]
; : SEMICOLON
[@25,116:116=';',<47>,8:1]
<EOF> : EOF
[@26,117:116='<EOF>',<-1>,8:2]



