FILE NAME: 16-string-special-chars.cl
class : CLASS
[@0,0:4='class',<3>,1:0]
A : TYPE_ID
[@1,6:6='A',<27>,1:6]
{ : BRACE_P_OPEN
[@2,8:8='{',<34>,1:8]
s1 : ID
[@3,15:16='s1',<28>,2:4]
: : COLON
[@4,18:18=':',<46>,2:7]
String : TYPE_ID
[@5,20:25='String',<27>,2:9]
<- : ASSIGN
[@6,27:28='<-',<41>,2:16]
ab	cd : STRING
[@7,30:37='ab\tcd',<22>,2:19]
; : SEMICOLON
[@8,38:38=';',<47>,2:27]
s2 : ID
[@9,45:46='s2',<28>,3:4]
: : COLON
[@10,48:48=':',<46>,3:7]
String : TYPE_ID
[@11,50:55='String',<27>,3:9]
<- : ASSIGN
[@12,57:58='<-',<41>,3:16]
ab
cd : STRING
[@13,60:67='ab\ncd',<22>,3:19]
; : SEMICOLON
[@14,68:68=';',<47>,3:27]
s3 : ID
[@15,75:76='s3',<28>,4:4]
: : COLON
[@16,78:78=':',<46>,4:7]
String : TYPE_ID
[@17,80:85='String',<27>,4:9]
<- : ASSIGN
[@18,87:88='<-',<41>,4:16]
ab
cd : STRING
[@19,90:98='ab\r\ncd',<22>,4:19]
; : SEMICOLON
[@20,99:99=';',<47>,5:3]
s4 : ID
[@21,106:107='s4',<28>,6:4]
: : COLON
[@22,109:109=':',<46>,6:7]
String : TYPE_ID
[@23,111:116='String',<27>,6:9]
<- : ASSIGN
[@24,118:119='<-',<41>,6:16]
abcd : STRING
[@25,121:128='abcd',<22>,6:19]
; : SEMICOLON
[@26,129:129=';',<47>,6:27]
s5 : ID
[@27,136:137='s5',<28>,7:4]
: : COLON
[@28,139:139=':',<46>,7:7]
String : TYPE_ID
[@29,141:146='String',<27>,7:9]
<- : ASSIGN
[@30,148:149='<-',<41>,7:16]
abzcd : STRING
[@31,151:158='abzcd',<22>,7:19]
; : SEMICOLON
[@32,159:159=';',<47>,7:27]
} : BRACE_P_CLOSED
[@33,162:162='}',<35>,8:0]
; : SEMICOLON
[@34,163:163=';',<47>,8:1]
<EOF> : EOF
[@35,164:163='<EOF>',<-1>,8:2]



