FILE NAME: 17-big.cl
class : CLASS
[@0,190:194='class',<3>,7:0]
List : TYPE_ID
[@1,196:199='List',<27>,7:6]
inherits : INHERITS
[@2,201:208='inherits',<8>,7:11]
IO : TYPE_ID
[@3,210:211='IO',<27>,7:20]
{ : BRACE_P_OPEN
[@4,213:213='{',<34>,7:23]
elem : ID
[@5,220:223='elem',<28>,8:4]
: : COLON
[@6,225:225=':',<46>,8:9]
Object : TYPE_ID
[@7,227:232='Object',<27>,8:11]
; : SEMICOLON
[@8,233:233=';',<47>,8:17]
next : ID
[@9,240:243='next',<28>,9:4]
: : COLON
[@10,245:245=':',<46>,9:9]
List : TYPE_ID
[@11,247:250='List',<27>,9:11]
; : SEMICOLON
[@12,251:251=';',<47>,9:15]
init : ID
[@13,260:263='init',<28>,11:4]
( : ROUND_P_OPEN
[@14,264:264='(',<30>,11:8]
e : ID
[@15,265:265='e',<28>,11:9]
: : COLON
[@16,267:267=':',<46>,11:11]
Object : TYPE_ID
[@17,269:274='Object',<27>,11:13]
, : COMMA
[@18,275:275=',',<48>,11:19]
n : ID
[@19,277:277='n',<28>,11:21]
: : COLON
[@20,279:279=':',<46>,11:23]
List : TYPE_ID
[@21,281:284='List',<27>,11:25]
) : ROUND_P_COSED
[@22,285:285=')',<31>,11:29]
: : COLON
[@23,287:287=':',<46>,11:31]
List : TYPE_ID
[@24,289:292='List',<27>,11:33]
{ : BRACE_P_OPEN
[@25,294:294='{',<34>,11:38]
{ : BRACE_P_OPEN
[@26,305:305='{',<34>,12:8]
elem : ID
[@27,320:323='elem',<28>,13:12]
<- : ASSIGN
[@28,325:326='<-',<41>,13:17]
e : ID
[@29,328:328='e',<28>,13:20]
; : SEMICOLON
[@30,329:329=';',<47>,13:21]
next : ID
[@31,344:347='next',<28>,14:12]
<- : ASSIGN
[@32,349:350='<-',<41>,14:17]
n : ID
[@33,352:352='n',<28>,14:20]
; : SEMICOLON
[@34,353:353=';',<47>,14:21]
self : SELF
[@35,368:371='self',<25>,15:12]
; : SEMICOLON
[@36,372:372=';',<47>,15:16]
} : BRACE_P_CLOSED
[@37,383:383='}',<35>,16:8]
} : BRACE_P_CLOSED
[@38,390:390='}',<35>,17:4]
; : SEMICOLON
[@39,391:391=';',<47>,17:5]
print : ID
[@40,400:404='print',<28>,19:4]
( : ROUND_P_OPEN
[@41,405:405='(',<30>,19:9]
) : ROUND_P_COSED
[@42,406:406=')',<31>,19:10]
: : COLON
[@43,408:408=':',<46>,19:12]
IO : TYPE_ID
[@44,410:411='IO',<27>,19:14]
{ : BRACE_P_OPEN
[@45,413:413='{',<34>,19:17]
let : LET
[@46,424:426='let',<10>,20:8]
str : ID
[@47,428:430='str',<28>,20:12]
: : COLON
[@48,432:432=':',<46>,20:16]
String : TYPE_ID
[@49,434:439='String',<27>,20:18]
<- : ASSIGN
[@50,441:442='<-',<41>,20:25]
case : CASE
[@51,690:693='case',<15>,24:16]
elem : ID
[@52,695:698='elem',<28>,24:21]
of : OF
[@53,700:701='of',<19>,24:26]
s : ID
[@54,724:724='s',<28>,25:20]
: : COLON
[@55,726:726=':',<46>,25:22]
String : TYPE_ID
[@56,728:733='String',<27>,25:24]
=> : SET
[@57,735:736='=>',<42>,25:31]
s : ID
[@58,738:738='s',<28>,25:34]
; : SEMICOLON
[@59,739:739=';',<47>,25:35]
n : ID
[@60,762:762='n',<28>,26:20]
: : COLON
[@61,764:764=':',<46>,26:22]
Int : TYPE_ID
[@62,766:768='Int',<27>,26:24]
=> : SET
[@63,770:771='=>',<42>,26:28]
new : NEW
[@64,773:775='new',<17>,26:31]
A2I : TYPE_ID
[@65,777:779='A2I',<27>,26:35]
. : POINT
[@66,780:780='.',<50>,26:38]
i2a : ID
[@67,781:783='i2a',<28>,26:39]
( : ROUND_P_OPEN
[@68,784:784='(',<30>,26:42]
n : ID
[@69,785:785='n',<28>,26:43]
) : ROUND_P_COSED
[@70,786:786=')',<31>,26:44]
; : SEMICOLON
[@71,787:787=';',<47>,26:45]
o : ID
[@72,840:840='o',<28>,27:20]
: : COLON
[@73,842:842=':',<46>,27:22]
Object : TYPE_ID
[@74,844:849='Object',<27>,27:24]
=> : SET
[@75,851:852='=>',<42>,27:31]
{ : BRACE_P_OPEN
[@76,854:854='{',<34>,27:34]
abort : ID
[@77,856:860='abort',<28>,27:36]
( : ROUND_P_OPEN
[@78,861:861='(',<30>,27:41]
) : ROUND_P_COSED
[@79,862:862=')',<31>,27:42]
; : SEMICOLON
[@80,863:863=';',<47>,27:43]
 : STRING
[@81,865:866='',<22>,27:45]
; : SEMICOLON
[@82,867:867=';',<47>,27:47]
} : BRACE_P_CLOSED
[@83,869:869='}',<35>,27:49]
; : SEMICOLON
[@84,870:870=';',<47>,27:50]
esac : ESAC
[@85,889:892='esac',<16>,28:16]
in : IN
[@86,903:904='in',<7>,29:8]
{ : BRACE_P_OPEN
[@87,919:919='{',<34>,30:12]
out_string : ID
[@88,938:947='out_string',<28>,31:16]
( : ROUND_P_OPEN
[@89,948:948='(',<30>,31:26]
str : ID
[@90,949:951='str',<28>,31:27]
. : POINT
[@91,952:952='.',<50>,31:30]
concat : ID
[@92,953:958='concat',<28>,31:31]
( : ROUND_P_OPEN
[@93,959:959='(',<30>,31:37]
  : STRING
[@94,960:962=' ',<22>,31:38]
) : ROUND_P_COSED
[@95,963:963=')',<31>,31:41]
) : ROUND_P_COSED
[@96,964:964=')',<31>,31:42]
; : SEMICOLON
[@97,965:965=';',<47>,31:43]
if : IF
[@98,984:985='if',<5>,32:16]
( : ROUND_P_OPEN
[@99,987:987='(',<30>,32:19]
isvoid : ISVOID
[@100,988:993='isvoid',<9>,32:20]
next : ID
[@101,995:998='next',<28>,32:27]
) : ROUND_P_COSED
[@102,999:999=')',<31>,32:31]
then : THEN
[@103,1001:1004='then',<13>,32:33]
out_string : ID
[@104,1006:1015='out_string',<28>,32:38]
( : ROUND_P_OPEN
[@105,1016:1016='(',<30>,32:48]

 : STRING
[@106,1017:1020='\n',<22>,32:49]
) : ROUND_P_COSED
[@107,1021:1021=')',<31>,32:53]
else : ELSE
[@108,1023:1026='else',<4>,32:55]
next : ID
[@109,1028:1031='next',<28>,32:60]
. : POINT
[@110,1032:1032='.',<50>,32:64]
print : ID
[@111,1033:1037='print',<28>,32:65]
( : ROUND_P_OPEN
[@112,1038:1038='(',<30>,32:70]
) : ROUND_P_COSED
[@113,1039:1039=')',<31>,32:71]
fi : FI
[@114,1041:1042='fi',<6>,32:73]
; : SEMICOLON
[@115,1043:1043=';',<47>,32:75]
} : BRACE_P_CLOSED
[@116,1058:1058='}',<35>,33:12]
} : BRACE_P_CLOSED
[@117,1065:1065='}',<35>,34:4]
; : SEMICOLON
[@118,1066:1066=';',<47>,34:5]
} : BRACE_P_CLOSED
[@119,1069:1069='}',<35>,35:0]
; : SEMICOLON
[@120,1070:1070=';',<47>,35:1]
class : CLASS
[@121,1075:1079='class',<3>,37:0]
Main : TYPE_ID
[@122,1081:1084='Main',<27>,37:6]
inherits : INHERITS
[@123,1086:1093='inherits',<8>,37:11]
IO : TYPE_ID
[@124,1095:1096='IO',<27>,37:20]
{ : BRACE_P_OPEN
[@125,1098:1098='{',<34>,37:23]
main : ID
[@126,1105:1108='main',<28>,38:4]
( : ROUND_P_OPEN
[@127,1109:1109='(',<30>,38:8]
) : ROUND_P_COSED
[@128,1110:1110=')',<31>,38:9]
: : COLON
[@129,1112:1112=':',<46>,38:11]
Object : TYPE_ID
[@130,1114:1119='Object',<27>,38:13]
{ : BRACE_P_OPEN
[@131,1121:1121='{',<34>,38:20]
{ : BRACE_P_OPEN
[@132,1132:1132='{',<34>,39:8]
let : LET
[@133,1147:1149='let',<10>,40:12]
x : ID
[@134,1151:1151='x',<28>,40:16]
: : COLON
[@135,1153:1153=':',<46>,40:18]
Int : TYPE_ID
[@136,1155:1157='Int',<27>,40:20]
<- : ASSIGN
[@137,1159:1160='<-',<41>,40:24]
0 : INTEGER
[@138,1162:1162='0',<29>,40:27]
, : COMMA
[@139,1163:1163=',',<48>,40:28]
y : ID
[@140,1182:1182='y',<28>,41:16]
: : COLON
[@141,1184:1184=':',<46>,41:18]
String : TYPE_ID
[@142,1186:1191='String',<27>,41:20]
<- : ASSIGN
[@143,1193:1194='<-',<41>,41:27]
! : STRING
[@144,1196:1198='!',<22>,41:30]
, : COMMA
[@145,1199:1199=',',<48>,41:33]
z : ID
[@146,1218:1218='z',<28>,42:16]
: : COLON
[@147,1220:1220=':',<46>,42:18]
Int : TYPE_ID
[@148,1222:1224='Int',<27>,42:20]
<- : ASSIGN
[@149,1226:1227='<-',<41>,42:24]
x : ID
[@150,1229:1229='x',<28>,42:27]
+ : PLUS
[@151,1231:1231='+',<37>,42:29]
2 : INTEGER
[@152,1233:1233='2',<29>,42:31]
, : COMMA
[@153,1234:1234=',',<48>,42:32]
empty : ID
[@154,1253:1257='empty',<28>,43:16]
: : COLON
[@155,1259:1259=':',<46>,43:22]
List : TYPE_ID
[@156,1261:1264='List',<27>,43:24]
, : COMMA
[@157,1265:1265=',',<48>,43:28]
list : ID
[@158,1318:1321='list',<28>,44:16]
: : COLON
[@159,1323:1323=':',<46>,44:21]
List : TYPE_ID
[@160,1325:1328='List',<27>,44:23]
<- : ASSIGN
[@161,1330:1331='<-',<41>,44:28]
new : NEW
[@162,1354:1356='new',<17>,45:20]
List : TYPE_ID
[@163,1358:1361='List',<27>,45:24]
. : POINT
[@164,1362:1362='.',<50>,45:28]
init : ID
[@165,1363:1366='init',<28>,45:29]
( : ROUND_P_OPEN
[@166,1367:1367='(',<30>,45:33]
x : ID
[@167,1368:1368='x',<28>,45:34]
, : COMMA
[@168,1369:1369=',',<48>,45:35]
new : NEW
[@169,1396:1398='new',<17>,46:24]
List : TYPE_ID
[@170,1400:1403='List',<27>,46:28]
. : POINT
[@171,1404:1404='.',<50>,46:32]
init : ID
[@172,1405:1408='init',<28>,46:33]
( : ROUND_P_OPEN
[@173,1409:1409='(',<30>,46:37]
y : ID
[@174,1410:1410='y',<28>,46:38]
, : COMMA
[@175,1411:1411=',',<48>,46:39]
new : NEW
[@176,1442:1444='new',<17>,47:28]
List : TYPE_ID
[@177,1446:1449='List',<27>,47:32]
. : POINT
[@178,1450:1450='.',<50>,47:36]
init : ID
[@179,1451:1454='init',<28>,47:37]
( : ROUND_P_OPEN
[@180,1455:1455='(',<30>,47:41]
z : ID
[@181,1456:1456='z',<28>,47:42]
, : COMMA
[@182,1457:1457=',',<48>,47:43]
empty : ID
[@183,1459:1463='empty',<28>,47:45]
) : ROUND_P_COSED
[@184,1464:1464=')',<31>,47:50]
) : ROUND_P_COSED
[@185,1465:1465=')',<31>,47:51]
) : ROUND_P_COSED
[@186,1466:1466=')',<31>,47:52]
in : IN
[@187,1481:1482='in',<7>,48:12]
list : ID
[@188,1501:1504='list',<28>,49:16]
. : POINT
[@189,1505:1505='.',<50>,49:20]
print : ID
[@190,1506:1510='print',<28>,49:21]
( : ROUND_P_OPEN
[@191,1511:1511='(',<30>,49:26]
) : ROUND_P_COSED
[@192,1512:1512=')',<31>,49:27]
; : SEMICOLON
[@193,1513:1513=';',<47>,49:28]
let : LET
[@194,1608:1610='let',<10>,52:12]
n : ID
[@195,1612:1612='n',<28>,52:16]
: : COLON
[@196,1614:1614=':',<46>,52:18]
Int : TYPE_ID
[@197,1616:1618='Int',<27>,52:20]
<- : ASSIGN
[@198,1620:1621='<-',<41>,52:24]
out_string : ID
[@199,1623:1632='out_string',<28>,52:27]
( : ROUND_P_OPEN
[@200,1633:1633='(',<30>,52:37]
Calculăm factorial pentru:  : STRING
[@201,1634:1662='Calculăm factorial pentru: ',<22>,52:38]
) : ROUND_P_COSED
[@202,1663:1663=')',<31>,52:67]
. : POINT
[@203,1664:1664='.',<50>,52:68]
in_int : ID
[@204,1665:1670='in_int',<28>,52:69]
( : ROUND_P_OPEN
[@205,1671:1671='(',<30>,52:75]
) : ROUND_P_COSED
[@206,1672:1672=')',<31>,52:76]
in : IN
[@207,1687:1688='in',<7>,53:12]
{ : BRACE_P_OPEN
[@208,1707:1707='{',<34>,54:16]
out_string : ID
[@209,1730:1739='out_string',<28>,55:20]
( : ROUND_P_OPEN
[@210,1740:1740='(',<30>,55:30]
Factorial recursiv:  : STRING
[@211,1741:1762='Factorial recursiv: ',<22>,55:31]
) : ROUND_P_COSED
[@212,1763:1763=')',<31>,55:53]
. : POINT
[@213,1764:1764='.',<50>,55:54]
out_int : ID
[@214,1765:1771='out_int',<28>,55:55]
( : ROUND_P_OPEN
[@215,1772:1772='(',<30>,55:62]
fact_rec : ID
[@216,1773:1780='fact_rec',<28>,55:63]
( : ROUND_P_OPEN
[@217,1781:1781='(',<30>,55:71]
n : ID
[@218,1782:1782='n',<28>,55:72]
) : ROUND_P_COSED
[@219,1783:1783=')',<31>,55:73]
) : ROUND_P_COSED
[@220,1784:1784=')',<31>,55:74]
. : POINT
[@221,1811:1811='.',<50>,56:24]
out_string : ID
[@222,1812:1821='out_string',<28>,56:25]
( : ROUND_P_OPEN
[@223,1822:1822='(',<30>,56:35]

 : STRING
[@224,1823:1826='\n',<22>,56:36]
) : ROUND_P_COSED
[@225,1827:1827=')',<31>,56:40]
; : SEMICOLON
[@226,1828:1828=';',<47>,56:41]
out_string : ID
[@227,1851:1860='out_string',<28>,57:20]
( : ROUND_P_OPEN
[@228,1861:1861='(',<30>,57:30]
Factorial iterativ:  : STRING
[@229,1862:1883='Factorial iterativ: ',<22>,57:31]
) : ROUND_P_COSED
[@230,1884:1884=')',<31>,57:53]
. : POINT
[@231,1885:1885='.',<50>,57:54]
out_int : ID
[@232,1886:1892='out_int',<28>,57:55]
( : ROUND_P_OPEN
[@233,1893:1893='(',<30>,57:62]
fact_iter : ID
[@234,1894:1902='fact_iter',<28>,57:63]
( : ROUND_P_OPEN
[@235,1903:1903='(',<30>,57:72]
n : ID
[@236,1904:1904='n',<28>,57:73]
) : ROUND_P_COSED
[@237,1905:1905=')',<31>,57:74]
) : ROUND_P_COSED
[@238,1906:1906=')',<31>,57:75]
. : POINT
[@239,1933:1933='.',<50>,58:24]
out_string : ID
[@240,1934:1943='out_string',<28>,58:25]
( : ROUND_P_OPEN
[@241,1944:1944='(',<30>,58:35]

 : STRING
[@242,1945:1948='\n',<22>,58:36]
) : ROUND_P_COSED
[@243,1949:1949=')',<31>,58:40]
; : SEMICOLON
[@244,1950:1950=';',<47>,58:41]
} : BRACE_P_CLOSED
[@245,1969:1969='}',<35>,59:16]
; : SEMICOLON
[@246,1970:1970=';',<47>,59:17]
} : BRACE_P_CLOSED
[@247,1981:1981='}',<35>,60:8]
} : BRACE_P_CLOSED
[@248,1988:1988='}',<35>,61:4]
; : SEMICOLON
[@249,1989:1989=';',<47>,61:5]
fact_rec : ID
[@250,2037:2044='fact_rec',<28>,64:4]
( : ROUND_P_OPEN
[@251,2045:2045='(',<30>,64:12]
n : ID
[@252,2046:2046='n',<28>,64:13]
: : COLON
[@253,2048:2048=':',<46>,64:15]
Int : TYPE_ID
[@254,2050:2052='Int',<27>,64:17]
) : ROUND_P_COSED
[@255,2053:2053=')',<31>,64:20]
: : COLON
[@256,2055:2055=':',<46>,64:22]
Int : TYPE_ID
[@257,2057:2059='Int',<27>,64:24]
{ : BRACE_P_OPEN
[@258,2061:2061='{',<34>,64:28]
if : IF
[@259,2072:2073='if',<5>,65:8]
n : ID
[@260,2075:2075='n',<28>,65:11]
= : EQUAL
[@261,2077:2077='=',<45>,65:13]
0 : INTEGER
[@262,2079:2079='0',<29>,65:15]
then : THEN
[@263,2081:2084='then',<13>,65:17]
1 : INTEGER
[@264,2086:2086='1',<29>,65:22]
else : ELSE
[@265,2088:2091='else',<4>,65:24]
n : ID
[@266,2093:2093='n',<28>,65:29]
* : MULTIPLY
[@267,2095:2095='*',<39>,65:31]
fact_rec : ID
[@268,2097:2104='fact_rec',<28>,65:33]
( : ROUND_P_OPEN
[@269,2105:2105='(',<30>,65:41]
n : ID
[@270,2106:2106='n',<28>,65:42]
- : MINUS
[@271,2108:2108='-',<38>,65:44]
1 : INTEGER
[@272,2110:2110='1',<29>,65:46]
) : ROUND_P_COSED
[@273,2111:2111=')',<31>,65:47]
fi : FI
[@274,2113:2114='fi',<6>,65:49]
} : BRACE_P_CLOSED
[@275,2121:2121='}',<35>,66:4]
; : SEMICOLON
[@276,2122:2122=';',<47>,66:5]
fact_iter : ID
[@277,2170:2178='fact_iter',<28>,69:4]
( : ROUND_P_OPEN
[@278,2179:2179='(',<30>,69:13]
n : ID
[@279,2180:2180='n',<28>,69:14]
: : COLON
[@280,2182:2182=':',<46>,69:16]
Int : TYPE_ID
[@281,2184:2186='Int',<27>,69:18]
) : ROUND_P_COSED
[@282,2187:2187=')',<31>,69:21]
: : COLON
[@283,2189:2189=':',<46>,69:23]
Int : TYPE_ID
[@284,2191:2193='Int',<27>,69:25]
{ : BRACE_P_OPEN
[@285,2195:2195='{',<34>,69:29]
let : LET
[@286,2206:2208='let',<10>,70:8]
res : ID
[@287,2210:2212='res',<28>,70:12]
: : COLON
[@288,2214:2214=':',<46>,70:16]
Int : TYPE_ID
[@289,2216:2218='Int',<27>,70:18]
<- : ASSIGN
[@290,2220:2221='<-',<41>,70:22]
1 : INTEGER
[@291,2223:2223='1',<29>,70:25]
in : IN
[@292,2356:2357='in',<7>,73:8]
{ : BRACE_P_OPEN
[@293,2372:2372='{',<34>,74:12]
while : WHILE
[@294,2391:2395='while',<14>,75:16]
( : ROUND_P_OPEN
[@295,2397:2397='(',<30>,75:22]
not : NOT
[@296,2398:2400='not',<18>,75:23]
( : ROUND_P_OPEN
[@297,2402:2402='(',<30>,75:27]
n : ID
[@298,2403:2403='n',<28>,75:28]
= : EQUAL
[@299,2405:2405='=',<45>,75:30]
0 : INTEGER
[@300,2407:2407='0',<29>,75:32]
) : ROUND_P_COSED
[@301,2408:2408=')',<31>,75:33]
) : ROUND_P_COSED
[@302,2409:2409=')',<31>,75:34]
loop : LOOP
[@303,2411:2414='loop',<11>,75:36]
{ : BRACE_P_OPEN
[@304,2437:2437='{',<34>,76:20]
res : ID
[@305,2464:2466='res',<28>,77:24]
<- : ASSIGN
[@306,2468:2469='<-',<41>,77:28]
res : ID
[@307,2471:2473='res',<28>,77:31]
* : MULTIPLY
[@308,2475:2475='*',<39>,77:35]
n : ID
[@309,2477:2477='n',<28>,77:37]
; : SEMICOLON
[@310,2478:2478=';',<47>,77:38]
n : ID
[@311,2505:2505='n',<28>,78:24]
<- : ASSIGN
[@312,2507:2508='<-',<41>,78:26]
n : ID
[@313,2510:2510='n',<28>,78:29]
- : MINUS
[@314,2512:2512='-',<38>,78:31]
1 : INTEGER
[@315,2514:2514='1',<29>,78:33]
; : SEMICOLON
[@316,2515:2515=';',<47>,78:34]
} : BRACE_P_CLOSED
[@317,2538:2538='}',<35>,79:20]
pool : POOL
[@318,2557:2560='pool',<12>,80:16]
; : SEMICOLON
[@319,2561:2561=';',<47>,80:20]
res : ID
[@320,2580:2582='res',<28>,81:16]
; : SEMICOLON
[@321,2583:2583=';',<47>,81:19]
} : BRACE_P_CLOSED
[@322,2598:2598='}',<35>,82:12]
} : BRACE_P_CLOSED
[@323,2605:2605='}',<35>,83:4]
; : SEMICOLON
[@324,2606:2606=';',<47>,83:5]
} : BRACE_P_CLOSED
[@325,2609:2609='}',<35>,84:0]
; : SEMICOLON
[@326,2610:2610=';',<47>,84:1]
<EOF> : EOF
[@327,2611:2610='<EOF>',<-1>,84:2]



