FILE NAME: 19-error-comment.cl
class : CLASS
[@0,0:4='class',<3>,1:0]
A : TYPE_ID
[@1,6:6='A',<27>,1:6]
{ : BRACE_P_OPEN
[@2,8:8='{',<34>,1:8]
* : MULTIPLY
[@3,15:15='*',<39>,2:4]
) : ROUND_P_COSED
[@4,16:16=')',<31>,2:5]
x : ID
[@5,25:25='x',<28>,4:4]
: : COLON
[@6,27:27=':',<46>,4:6]
Int : TYPE_ID
[@7,29:31='Int',<27>,4:8]
; : SEMICOLON
[@8,32:32=';',<47>,4:11]
<EOF> : EOF
[@9,66:65='<EOF>',<-1>,7:2]



