FILE NAME: 20-error-invalid-character.cl
line 2:13 token recognition error at: '#'
class : CLASS
[@0,0:4='class',<3>,1:0]
A : TYPE_ID
[@1,6:6='A',<27>,1:6]
{ : BRACE_P_OPEN
[@2,8:8='{',<34>,1:8]
x : ID
[@3,15:15='x',<28>,2:4]
: : COLON
[@4,17:17=':',<46>,2:6]
Int : TYPE_ID
[@5,19:21='Int',<27>,2:8]
; : SEMICOLON
[@6,22:22=';',<47>,2:11]
} : BRACE_P_CLOSED
[@7,27:27='}',<35>,3:0]
; : SEMICOLON
[@8,28:28=';',<47>,3:1]
<EOF> : EOF
[@9,29:28='<EOF>',<-1>,3:2]



